2026-04-04 08:25:56,403 aiogram.dispatcher INFO: Start polling
2026-04-04 08:25:56,498 aiogram.dispatcher INFO: Run polling for bot @DunyoMobileBot id=8282683214 - 'Dunyo mobile shop'
2026-04-04 08:27:08,357 aiogram.dispatcher INFO: Start polling
2026-04-04 08:27:08,464 aiogram.dispatcher INFO: Run polling for bot @DunyoMobileBot id=8282683214 - 'Dunyo mobile shop'
2026-04-04 08:27:08,562 aiogram.dispatcher ERROR: Failed to fetch updates - TelegramConflictError: Telegram server says - Conflict: terminated by other getUpdates request; make sure that only one bot instance is running
2026-04-04 08:27:08,562 aiogram.dispatcher WARNING: Sleep for 1.000000 seconds and try again... (tryings = 0, bot id = 8282683214)
2026-04-04 08:27:12,691 aiogram.dispatcher ERROR: Failed to fetch updates - TelegramConflictError: Telegram server says - Conflict: terminated by other getUpdates request; make sure that only one bot instance is running
2026-04-04 08:27:12,692 aiogram.dispatcher WARNING: Sleep for 1.000000 seconds and try again... (tryings = 0, bot id = 8282683214)
2026-04-04 08:27:13,794 aiogram.dispatcher ERROR: Failed to fetch updates - TelegramConflictError: Telegram server says - Conflict: terminated by other getUpdates request; make sure that only one bot instance is running
2026-04-04 08:27:13,794 aiogram.dispatcher WARNING: Sleep for 1.390955 seconds and try again... (tryings = 1, bot id = 8282683214)
2026-04-04 08:27:18,297 aiogram.dispatcher ERROR: Failed to fetch updates - TelegramConflictError: Telegram server says - Conflict: terminated by other getUpdates request; make sure that only one bot instance is running
2026-04-04 08:27:18,297 aiogram.dispatcher WARNING: Sleep for 1.216785 seconds and try again... (tryings = 1, bot id = 8282683214)
2026-04-04 08:27:19,616 aiogram.dispatcher ERROR: Failed to fetch updates - TelegramConflictError: Telegram server says - Conflict: terminated by other getUpdates request; make sure that only one bot instance is running
2026-04-04 08:27:19,616 aiogram.dispatcher WARNING: Sleep for 1.869029 seconds and try again... (tryings = 2, bot id = 8282683214)
2026-04-04 08:27:24,585 aiogram.dispatcher ERROR: Failed to fetch updates - TelegramConflictError: Telegram server says - Conflict: terminated by other getUpdates request; make sure that only one bot instance is running
2026-04-04 08:27:24,585 aiogram.dispatcher WARNING: Sleep for 1.547633 seconds and try again... (tryings = 2, bot id = 8282683214)
2026-04-04 08:27:26,230 aiogram.dispatcher ERROR: Failed to fetch updates - TelegramConflictError: Telegram server says - Conflict: terminated by other getUpdates request; make sure that only one bot instance is running
2026-04-04 08:27:26,230 aiogram.dispatcher WARNING: Sleep for 2.445191 seconds and try again... (tryings = 3, bot id = 8282683214)
2026-04-04 08:27:31,784 aiogram.dispatcher ERROR: Failed to fetch updates - TelegramConflictError: Telegram server says - Conflict: terminated by other getUpdates request; make sure that only one bot instance is running
2026-04-04 08:27:31,784 aiogram.dispatcher WARNING: Sleep for 2.046094 seconds and try again... (tryings = 3, bot id = 8282683214)
2026-04-04 08:27:33,935 aiogram.dispatcher ERROR: Failed to fetch updates - TelegramConflictError: Telegram server says - Conflict: terminated by other getUpdates request; make sure that only one bot instance is running
2026-04-04 08:27:33,936 aiogram.dispatcher WARNING: Sleep for 3.279714 seconds and try again... (tryings = 4, bot id = 8282683214)
2026-04-04 08:27:37,307 aiogram.dispatcher ERROR: Failed to fetch updates - TelegramConflictError: Telegram server says - Conflict: terminated by other getUpdates request; make sure that only one bot instance is running
2026-04-04 08:27:37,307 aiogram.dispatcher WARNING: Sleep for 2.700505 seconds and try again... (tryings = 4, bot id = 8282683214)
2026-04-04 08:27:43,108 aiogram.dispatcher ERROR: Failed to fetch updates - TelegramConflictError: Telegram server says - Conflict: terminated by other getUpdates request; make sure that only one bot instance is running
2026-04-04 08:27:43,108 aiogram.dispatcher WARNING: Sleep for 4.264505 seconds and try again... (tryings = 5, bot id = 8282683214)
2026-04-04 08:27:47,481 aiogram.dispatcher ERROR: Failed to fetch updates - TelegramConflictError: Telegram server says - Conflict: terminated by other getUpdates request; make sure that only one bot instance is running
2026-04-04 08:27:47,481 aiogram.dispatcher WARNING: Sleep for 3.479961 seconds and try again... (tryings = 5, bot id = 8282683214)
2026-04-04 08:27:51,074 aiogram.dispatcher ERROR: Failed to fetch updates - TelegramConflictError: Telegram server says - Conflict: terminated by other getUpdates request; make sure that only one bot instance is running
2026-04-04 08:27:51,074 aiogram.dispatcher WARNING: Sleep for 4.980127 seconds and try again... (tryings = 6, bot id = 8282683214)
2026-04-04 08:27:56,286 aiogram.dispatcher ERROR: Failed to fetch updates - TelegramConflictError: Telegram server says - Conflict: terminated by other getUpdates request; make sure that only one bot instance is running
2026-04-04 08:27:56,286 aiogram.dispatcher WARNING: Sleep for 4.541047 seconds and try again... (tryings = 6, bot id = 8282683214)
2026-04-04 08:28:00,927 aiogram.dispatcher ERROR: Failed to fetch updates - TelegramConflictError: Telegram server says - Conflict: terminated by other getUpdates request; make sure that only one bot instance is running
2026-04-04 08:28:00,927 aiogram.dispatcher WARNING: Sleep for 4.947646 seconds and try again... (tryings = 7, bot id = 8282683214)
2026-04-04 08:28:05,993 aiogram.dispatcher ERROR: Failed to fetch updates - TelegramConflictError: Telegram server says - Conflict: terminated by other getUpdates request; make sure that only one bot instance is running
2026-04-04 08:28:05,993 aiogram.dispatcher WARNING: Sleep for 4.854001 seconds and try again... (tryings = 7, bot id = 8282683214)
2026-04-04 08:28:10,948 aiogram.dispatcher ERROR: Failed to fetch updates - TelegramConflictError: Telegram server says - Conflict: terminated by other getUpdates request; make sure that only one bot instance is running
2026-04-04 08:28:10,948 aiogram.dispatcher WARNING: Sleep for 4.810931 seconds and try again... (tryings = 8, bot id = 8282683214)
2026-04-04 08:28:15,865 aiogram.dispatcher ERROR: Failed to fetch updates - TelegramConflictError: Telegram server says - Conflict: terminated by other getUpdates request; make sure that only one bot instance is running
2026-04-04 08:28:15,865 aiogram.dispatcher WARNING: Sleep for 5.088668 seconds and try again... (tryings = 8, bot id = 8282683214)
2026-04-04 08:28:21,058 aiogram.dispatcher ERROR: Failed to fetch updates - TelegramConflictError: Telegram server says - Conflict: terminated by other getUpdates request; make sure that only one bot instance is running
2026-04-04 08:28:21,059 aiogram.dispatcher WARNING: Sleep for 5.067570 seconds and try again... (tryings = 9, bot id = 8282683214)
2026-04-04 08:28:26,230 aiogram.dispatcher ERROR: Failed to fetch updates - TelegramConflictError: Telegram server says - Conflict: terminated by other getUpdates request; make sure that only one bot instance is running
2026-04-04 08:28:26,231 aiogram.dispatcher WARNING: Sleep for 4.992987 seconds and try again... (tryings = 9, bot id = 8282683214)
2026-04-04 08:28:31,321 aiogram.dispatcher ERROR: Failed to fetch updates - TelegramConflictError: Telegram server says - Conflict: terminated by other getUpdates request; make sure that only one bot instance is running
2026-04-04 08:28:31,322 aiogram.dispatcher WARNING: Sleep for 5.087209 seconds and try again... (tryings = 10, bot id = 8282683214)
2026-04-04 08:28:36,511 aiogram.dispatcher ERROR: Failed to fetch updates - TelegramConflictError: Telegram server says - Conflict: terminated by other getUpdates request; make sure that only one bot instance is running
2026-04-04 08:28:36,511 aiogram.dispatcher WARNING: Sleep for 5.101009 seconds and try again... (tryings = 10, bot id = 8282683214)
2026-04-04 08:28:40,458 aiogram.dispatcher INFO: Start polling
2026-04-04 08:28:40,568 aiogram.dispatcher INFO: Run polling for bot @DunyoMobileBot id=8282683214 - 'Dunyo mobile shop'
2026-04-04 08:28:40,670 aiogram.dispatcher ERROR: Failed to fetch updates - TelegramConflictError: Telegram server says - Conflict: terminated by other getUpdates request; make sure that only one bot instance is running
2026-04-04 08:28:40,670 aiogram.dispatcher WARNING: Sleep for 5.094437 seconds and try again... (tryings = 11, bot id = 8282683214)
2026-04-04 08:28:44,739 aiogram.dispatcher ERROR: Failed to fetch updates - TelegramConflictError: Telegram server says - Conflict: terminated by other getUpdates request; make sure that only one bot instance is running
2026-04-04 08:28:44,739 aiogram.dispatcher WARNING: Sleep for 1.000000 seconds and try again... (tryings = 0, bot id = 8282683214)
2026-04-04 08:28:56,416 aiogram.dispatcher INFO: Start polling
2026-04-04 08:28:56,510 aiogram.dispatcher INFO: Run polling for bot @DunyoMobileBot id=8282683214 - 'Dunyo mobile shop'
2026-04-04 08:29:22,752 aiogram.dispatcher INFO: Start polling
2026-04-04 08:29:22,857 aiogram.dispatcher INFO: Run polling for bot @DunyoMobileBot id=8282683214 - 'Dunyo mobile shop'
2026-04-04 08:30:52,068 aiogram.dispatcher INFO: Start polling
2026-04-04 08:30:52,169 aiogram.dispatcher INFO: Run polling for bot @DunyoMobileBot id=8282683214 - 'Dunyo mobile shop'
2026-04-04 08:33:59,541 aiogram.dispatcher INFO: Start polling
2026-04-04 08:33:59,648 aiogram.dispatcher INFO: Run polling for bot @DunyoMobileBot id=8282683214 - 'Dunyo mobile shop'
2026-04-04 08:35:26,386 aiogram.event INFO: Update id=106240450 is handled. Duration 500 ms by bot id=8282683214
2026-04-04 08:35:28,799 aiogram.event INFO: Update id=106240451 is handled. Duration 155 ms by bot id=8282683214
2026-04-04 08:35:34,000 aiogram.event INFO: Update id=106240452 is handled. Duration 233 ms by bot id=8282683214
2026-04-04 08:35:40,999 aiogram.event INFO: Update id=106240453 is handled. Duration 233 ms by bot id=8282683214
2026-04-04 08:35:53,335 aiogram.event INFO: Update id=106240454 is handled. Duration 217 ms by bot id=8282683214
2026-04-04 08:35:56,728 aiogram.event INFO: Update id=106240455 is handled. Duration 250 ms by bot id=8282683214
2026-04-04 08:36:00,988 aiogram.event INFO: Update id=106240456 is handled. Duration 234 ms by bot id=8282683214
2026-04-04 08:36:04,249 aiogram.event INFO: Update id=106240457 is handled. Duration 219 ms by bot id=8282683214
2026-04-04 08:36:10,714 aiogram.event INFO: Update id=106240458 is handled. Duration 233 ms by bot id=8282683214
2026-04-04 08:36:13,200 aiogram.event INFO: Update id=106240459 is handled. Duration 233 ms by bot id=8282683214
2026-04-04 08:36:15,060 aiogram.event INFO: Update id=106240460 is handled. Duration 343 ms by bot id=8282683214
2026-04-04 08:36:17,086 aiogram.event INFO: Update id=106240461 is handled. Duration 233 ms by bot id=8282683214
2026-04-04 08:36:29,029 aiogram.event INFO: Update id=106240462 is handled. Duration 155 ms by bot id=8282683214
2026-04-04 08:36:31,607 aiogram.event INFO: Update id=106240463 is handled. Duration 141 ms by bot id=8282683214
2026-04-04 08:36:39,308 aiogram.event INFO: Update id=106240464 is handled. Duration 234 ms by bot id=8282683214
2026-04-04 08:36:41,593 aiogram.event INFO: Update id=106240465 is handled. Duration 188 ms by bot id=8282683214
2026-04-04 08:36:43,886 aiogram.event INFO: Update id=106240466 is handled. Duration 125 ms by bot id=8282683214
2026-04-04 08:36:45,513 aiogram.event INFO: Update id=106240467 is handled. Duration 141 ms by bot id=8282683214
2026-04-04 08:36:58,515 aiogram.event INFO: Update id=106240468 is handled. Duration 235 ms by bot id=8282683214
2026-04-04 08:37:31,442 aiogram.event INFO: Update id=106240469 is handled. Duration 250 ms by bot id=8282683214
2026-04-04 08:37:35,918 aiogram.event INFO: Update id=106240470 is handled. Duration 266 ms by bot id=8282683214
2026-04-04 08:37:37,533 aiogram.event INFO: Update id=106240471 is handled. Duration 264 ms by bot id=8282683214
2026-04-04 08:37:41,336 aiogram.event INFO: Update id=106240472 is handled. Duration 156 ms by bot id=8282683214
